// Jest Snapshot v1, https://goo.gl/fbAQLP

exports[`Image Snapshot testing Matches the snapshot 1`] = `
<img
  alt="credit card"
  height="200"
  onError={[Function]}
  src="https://m.media-amazon.com/images/M/MV5BZTA1OWJlZjgtNTYyNC00NWM4LWFmMWUtMDQ0M2Q1OTgwMzU5XkEyXkFqcGdeQXVyNDE5MTU2MDE@._V1_SX300.jpg"
  width="200"
/>
`;
