// Jest Snapshot v1, https://goo.gl/fbAQLP

exports[`ListCard Snapshot testing Matches the snapshot 1`] = `
<article
  className="card"
>
  <a
    href="/id"
    onClick={[Function]}
    title="title"
  >
    <div>
      <img
        alt="title"
        onError={[Function]}
        src="test"
      />
    </div>
    <div>
      <h3>
        title
      </h3>
      <p>
        test
      </p>
      <p>
        2019
      </p>
    </div>
  </a>
</article>
`;
